Archive member included because of file (symbol)

c:/program files (x86)/atmel/atmel toolchain/avr8 gcc/native/3.4.1061/avr8-gnu-toolchain/bin/../lib/gcc/avr/4.8.1/../../../../avr/lib\libpololu_atmega328p.a(OrangutanAnalog.o)
                              main.o (read_battery_millivolts_3pi)
c:/program files (x86)/atmel/atmel toolchain/avr8 gcc/native/3.4.1061/avr8-gnu-toolchain/bin/../lib/gcc/avr/4.8.1/../../../../avr/lib\libpololu_atmega328p.a(OrangutanBuzzer.o)
                              main.o (is_playing)
c:/program files (x86)/atmel/atmel toolchain/avr8 gcc/native/3.4.1061/avr8-gnu-toolchain/bin/../lib/gcc/avr/4.8.1/../../../../avr/lib\libpololu_atmega328p.a(OrangutanLCD.o)
                              main.o (lcd_load_custom_character)
c:/program files (x86)/atmel/atmel toolchain/avr8 gcc/native/3.4.1061/avr8-gnu-toolchain/bin/../lib/gcc/avr/4.8.1/../../../../avr/lib\libpololu_atmega328p.a(OrangutanMotors.o)
                              main.o (set_motors)
c:/program files (x86)/atmel/atmel toolchain/avr8 gcc/native/3.4.1061/avr8-gnu-toolchain/bin/../lib/gcc/avr/4.8.1/../../../../avr/lib\libpololu_atmega328p.a(OrangutanPushbuttons.o)
                              main.o (wait_for_button_release)
c:/program files (x86)/atmel/atmel toolchain/avr8 gcc/native/3.4.1061/avr8-gnu-toolchain/bin/../lib/gcc/avr/4.8.1/../../../../avr/lib\libpololu_atmega328p.a(OrangutanTime.o)
                              main.o (delay_ms)
c:/program files (x86)/atmel/atmel toolchain/avr8 gcc/native/3.4.1061/avr8-gnu-toolchain/bin/../lib/gcc/avr/4.8.1/../../../../avr/lib\libpololu_atmega328p.a(Pololu3pi.o)
                              main.o (calibrate_line_sensors)
c:/program files (x86)/atmel/atmel toolchain/avr8 gcc/native/3.4.1061/avr8-gnu-toolchain/bin/../lib/gcc/avr/4.8.1/../../../../avr/lib\libpololu_atmega328p.a(PololuQTRSensors.o)
                              c:/program files (x86)/atmel/atmel toolchain/avr8 gcc/native/3.4.1061/avr8-gnu-toolchain/bin/../lib/gcc/avr/4.8.1/../../../../avr/lib\libpololu_atmega328p.a(Pololu3pi.o) (_ZN16PololuQTRSensors11emittersOffEv)
c:/program files (x86)/atmel/atmel toolchain/avr8 gcc/native/3.4.1061/avr8-gnu-toolchain/bin/../lib/gcc/avr/4.8.1/avr5\libgcc.a(_udivmodqi4.o)
                              c:/program files (x86)/atmel/atmel toolchain/avr8 gcc/native/3.4.1061/avr8-gnu-toolchain/bin/../lib/gcc/avr/4.8.1/../../../../avr/lib\libpololu_atmega328p.a(OrangutanBuzzer.o) (__udivmodqi4)
c:/program files (x86)/atmel/atmel toolchain/avr8 gcc/native/3.4.1061/avr8-gnu-toolchain/bin/../lib/gcc/avr/4.8.1/avr5\libgcc.a(_udivmodhi4.o)
                              main.o (__udivmodhi4)
c:/program files (x86)/atmel/atmel toolchain/avr8 gcc/native/3.4.1061/avr8-gnu-toolchain/bin/../lib/gcc/avr/4.8.1/avr5\libgcc.a(_divmodhi4.o)
                              c:/program files (x86)/atmel/atmel toolchain/avr8 gcc/native/3.4.1061/avr8-gnu-toolchain/bin/../lib/gcc/avr/4.8.1/../../../../avr/lib\libpololu_atmega328p.a(OrangutanAnalog.o) (__divmodhi4)
c:/program files (x86)/atmel/atmel toolchain/avr8 gcc/native/3.4.1061/avr8-gnu-toolchain/bin/../lib/gcc/avr/4.8.1/avr5\libgcc.a(_udivmodsi4.o)
                              c:/program files (x86)/atmel/atmel toolchain/avr8 gcc/native/3.4.1061/avr8-gnu-toolchain/bin/../lib/gcc/avr/4.8.1/../../../../avr/lib\libpololu_atmega328p.a(OrangutanAnalog.o) (__udivmodsi4)
c:/program files (x86)/atmel/atmel toolchain/avr8 gcc/native/3.4.1061/avr8-gnu-toolchain/bin/../lib/gcc/avr/4.8.1/avr5\libgcc.a(_divmodsi4.o)
                              main.o (__divmodsi4)
c:/program files (x86)/atmel/atmel toolchain/avr8 gcc/native/3.4.1061/avr8-gnu-toolchain/bin/../lib/gcc/avr/4.8.1/avr5\libgcc.a(_negsi2.o)
                              c:/program files (x86)/atmel/atmel toolchain/avr8 gcc/native/3.4.1061/avr8-gnu-toolchain/bin/../lib/gcc/avr/4.8.1/avr5\libgcc.a(_divmodsi4.o) (__negsi2)
c:/program files (x86)/atmel/atmel toolchain/avr8 gcc/native/3.4.1061/avr8-gnu-toolchain/bin/../lib/gcc/avr/4.8.1/avr5\libgcc.a(_exit.o)
                              c:/program files (x86)/atmel/atmel toolchain/avr8 gcc/native/3.4.1061/avr8-gnu-toolchain/bin/../lib/gcc/avr/4.8.1/../../../../avr/lib/avr5/crtm328p.o (exit)
c:/program files (x86)/atmel/atmel toolchain/avr8 gcc/native/3.4.1061/avr8-gnu-toolchain/bin/../lib/gcc/avr/4.8.1/avr5\libgcc.a(_copy_data.o)
                              main.o (__do_copy_data)
c:/program files (x86)/atmel/atmel toolchain/avr8 gcc/native/3.4.1061/avr8-gnu-toolchain/bin/../lib/gcc/avr/4.8.1/avr5\libgcc.a(_clear_bss.o)
                              main.o (__do_clear_bss)
c:/program files (x86)/atmel/atmel toolchain/avr8 gcc/native/3.4.1061/avr8-gnu-toolchain/bin/../lib/gcc/avr/4.8.1/avr5\libgcc.a(_dtors.o)
                              c:/program files (x86)/atmel/atmel toolchain/avr8 gcc/native/3.4.1061/avr8-gnu-toolchain/bin/../lib/gcc/avr/4.8.1/../../../../avr/lib\libpololu_atmega328p.a(Pololu3pi.o) (__do_global_dtors)
[...]
Memory Configuration

Name             Origin             Length             Attributes
text             0x00000000         0x00020000         xr
data             0x00800060         0x0000ffa0         rw !x
eeprom           0x00810000         0x00010000         rw !x
fuse             0x00820000         0x00000400         rw !x
lock             0x00830000         0x00000400         rw !x
signature        0x00840000         0x00000400         rw !x
user_signatures  0x00850000         0x00000400         rw !x
*default*        0x00000000         0xffffffff

Linker script and memory map

Address of section .data set to 0x800100
LOAD c:/program files (x86)/atmel/atmel toolchain/avr8 gcc/native/3.4.1061/avr8-gnu-toolchain/bin/../lib/gcc/avr/4.8.1/../../../../avr/lib/avr5/crtm328p.o
LOAD main.o
START GROUP
LOAD c:/program files (x86)/atmel/atmel toolchain/avr8 gcc/native/3.4.1061/avr8-gnu-toolchain/bin/../lib/gcc/avr/4.8.1/../../../../avr/lib\libpololu_atmega328p.a
LOAD c:/program files (x86)/atmel/atmel toolchain/avr8 gcc/native/3.4.1061/avr8-gnu-toolchain/bin/../lib/gcc/avr/4.8.1/../../../../avr/lib/avr5\libm.a
END GROUP
LOAD c:/program files (x86)/atmel/atmel toolchain/avr8 gcc/native/3.4.1061/avr8-gnu-toolchain/bin/../lib/gcc/avr/4.8.1/../../../../avr/lib\libpololu_atmega328p.a
START GROUP
LOAD c:/program files (x86)/atmel/atmel toolchain/avr8 gcc/native/3.4.1061/avr8-gnu-toolchain/bin/../lib/gcc/avr/4.8.1/avr5\libgcc.a
LOAD c:/program files (x86)/atmel/atmel toolchain/avr8 gcc/native/3.4.1061/avr8-gnu-toolchain/bin/../lib/gcc/avr/4.8.1/../../../../avr/lib/avr5\libm.a
LOAD c:/program files (x86)/atmel/atmel toolchain/avr8 gcc/native/3.4.1061/avr8-gnu-toolchain/bin/../lib/gcc/avr/4.8.1/../../../../avr/lib/avr5\libc.a
END GROUP

.hash
 *(.hash)

.dynsym
 *(.dynsym)

.dynstr
 *(.dynstr)

.gnu.version
 *(.gnu.version)

.gnu.version_d
 *(.gnu.version_d)

.gnu.version_r
 *(.gnu.version_r)

.rel.init
 *(.rel.init)

.rela.init
 *(.rela.init)

.rel.text
 *(.rel.text)
 *(.rel.text.*)
 *(.rel.gnu.linkonce.t*)

.rela.text
 *(.rela.text)
 *(.rela.text.*)
 *(.rela.gnu.linkonce.t*)

.rel.fini
 *(.rel.fini)

.rela.fini
 *(.rela.fini)

.rel.rodata
 *(.rel.rodata)
 *(.rel.rodata.*)
 *(.rel.gnu.linkonce.r*)

.rela.rodata
 *(.rela.rodata)
 *(.rela.rodata.*)
 *(.rela.gnu.linkonce.r*)

.rel.data
 *(.rel.data)
 *(.rel.data.*)
 *(.rel.gnu.linkonce.d*)

.rela.data
 *(.rela.data)
 *(.rela.data.*)
 *(.rela.gnu.linkonce.d*)

.rel.ctors
 *(.rel.ctors)

.rela.ctors
 *(.rela.ctors)

.rel.dtors
 *(.rel.dtors)

.rela.dtors
 *(.rela.dtors)

.rel.got
 *(.rel.got)

.rela.got
 *(.rela.got)

.rel.bss
 *(.rel.bss)

.rela.bss
 *(.rela.bss)

.rel.plt
 *(.rel.plt)

.rela.plt
 *(.rela.plt)

.text           0x00000000     0x2462
 *(.vectors)
 .vectors       0x00000000       0x68 c:/program files (x86)/atmel/atmel toolchain/avr8 gcc/native/3.4.1061/avr8-gnu-toolchain/bin/../lib/gcc/avr/4.8.1/../../../../avr/lib/avr5/crtm328p.o
                0x00000000                __vector_default
                0x00000000                __vectors
 *(.vectors)
 *(.progmem.gcc*)
                0x00000068                . = ALIGN (0x2)
                0x00000068                __trampolines_start = .
 *(.trampolines)
 .trampolines   0x00000068        0x0 linker stubs
 *(.trampolines*)
                0x00000068                __trampolines_end = .
 *(.progmem*)
 .progmem.data.levels
                0x00000068        0xe main.o
                0x00000068                levels
                0x00000076                . = ALIGN (0x2)
 *(.jumptables)
 *(.jumptables*)
 *(.lowtext)
 *(.lowtext*)
                0x00000076                __ctors_start = .
 *(.ctors)
                0x00000076                __ctors_end = .
                0x00000076                __dtors_start = .
 *(.dtors)
 .dtors         0x00000076        0x2 c:/program files (x86)/atmel/atmel toolchain/avr8 gcc/native/3.4.1061/avr8-gnu-toolchain/bin/../lib/gcc/avr/4.8.1/../../../../avr/lib\libpololu_atmega328p.a(Pololu3pi.o)
                0x00000078                __dtors_end = .
 SORT(*)(.ctors)
 SORT(*)(.dtors)
 *(.init0)
 .init0         0x00000078        0x0 c:/program files (x86)/atmel/atmel toolchain/avr8 gcc/native/3.4.1061/avr8-gnu-toolchain/bin/../lib/gcc/avr/4.8.1/../../../../avr/lib/avr5/crtm328p.o
                0x00000078                __init
 *(.init0)
 *(.init1)
 *(.init1)
 *(.init2)
 .init2         0x00000078        0xc c:/program files (x86)/atmel/atmel toolchain/avr8 gcc/native/3.4.1061/avr8-gnu-toolchain/bin/../lib/gcc/avr/4.8.1/../../../../avr/lib/avr5/crtm328p.o
 *(.init2)
 *(.init3)
 *(.init3)
 *(.init4)
 .init4         0x00000084       0x16 c:/program files (x86)/atmel/atmel toolchain/avr8 gcc/native/3.4.1061/avr8-gnu-toolchain/bin/../lib/gcc/avr/4.8.1/avr5\libgcc.a(_copy_data.o)
                0x00000084                __do_copy_data
 .init4         0x0000009a       0x10 c:/program files (x86)/atmel/atmel toolchain/avr8 gcc/native/3.4.1061/avr8-gnu-toolchain/bin/../lib/gcc/avr/4.8.1/avr5\libgcc.a(_clear_bss.o)
                0x0000009a                __do_clear_bss
 *(.init4)
 *(.init5)
 *(.init5)
 *(.init6)
 *(.init6)
 *(.init7)
 *(.init7)
 *(.init8)
 *(.init8)
 *(.init9)
 .init9         0x000000aa        0x8 c:/program files (x86)/atmel/atmel toolchain/avr8 gcc/native/3.4.1061/avr8-gnu-toolchain/bin/../lib/gcc/avr/4.8.1/../../../../avr/lib/avr5/crtm328p.o
 *(.init9)
 *(.text)
 .text          0x000000b2        0x4 c:/program files (x86)/atmel/atmel toolchain/avr8 gcc/native/3.4.1061/avr8-gnu-toolchain/bin/../lib/gcc/avr/4.8.1/../../../../avr/lib/avr5/crtm328p.o
                0x000000b2                __vector_22
                0x000000b2                __vector_1
                0x000000b2                __vector_24
                0x000000b2                __vector_12
                0x000000b2                __bad_interrupt
                0x000000b2                __vector_6
                0x000000b2                __vector_3
                0x000000b2                __vector_23
                0x000000b2                __vector_25
                0x000000b2                __vector_11
                0x000000b2                __vector_17
                0x000000b2                __vector_19
                0x000000b2                __vector_7
                0x000000b2                __vector_5
                0x000000b2                __vector_4
                0x000000b2                __vector_2
                0x000000b2                __vector_21
                0x000000b2                __vector_15
                0x000000b2                __vector_8
                0x000000b2                __vector_14
                0x000000b2                __vector_10
                0x000000b2                __vector_16
                0x000000b2                __vector_18
                0x000000b2                __vector_20
                0x000000b6                . = ALIGN (0x2)
 *(.text.*)
 .text.set_digital_output_value
                0x000000b6       0x2a main.o
 .text.green_led
                0x000000e0       0x58 main.o
 .text.load_custom_characters
                0x00000138       0x4a main.o
                0x00000138                load_custom_characters
 .text.display_readings
                0x00000182       0x88 main.o
                0x00000182                display_readings
 .text.initialize
                0x0000020a      0x122 main.o
                0x0000020a                initialize
 .text.pid_h    0x0000032c       0xde main.o
                0x0000032c                pid_h
 .text.pid_p    0x0000040a       0xde main.o
                0x0000040a                pid_p
 .text.kkn      0x000004e8       0x7a main.o
                0x000004e8                kkn
 .text.kknp     0x00000562       0x7a main.o
                0x00000562                kknp
 .text.ksp      0x000005dc       0x8e main.o
                0x000005dc                ksp
 .text.knp      0x0000066a       0x72 main.o
                0x0000066a                knp
 .text.maju     0x000006dc       0x20 main.o
                0x000006dc                maju
 .text.end      0x000006fc       0x18 main.o
                0x000006fc                end
 .text.startup.main
                0x00000714       0x54 main.o
                0x00000714                main
 .text._ZN15OrangutanAnalog7setModeEh.part.0
                0x00000768        0xc c:/program files (x86)/atmel/atmel toolchain/avr8 gcc/native/3.4.1061/avr8-gnu-toolchain/bin/../lib/gcc/avr/4.8.1/../../../../avr/lib\libpololu_atmega328p.a(OrangutanAnalog.o)
 .text._ZN15OrangutanAnalog7setModeEh
                0x00000774       0x16 c:/program files (x86)/atmel/atmel toolchain/avr8 gcc/native/3.4.1061/avr8-gnu-toolchain/bin/../lib/gcc/avr/4.8.1/../../../../avr/lib\libpololu_atmega328p.a(OrangutanAnalog.o)
                0x00000774                _ZN15OrangutanAnalog7setModeEh
 .text._ZN15OrangutanAnalog7getModeEv
                0x0000078a        0xc c:/program files (x86)/atmel/atmel toolchain/avr8 gcc/native/3.4.1061/avr8-gnu-toolchain/bin/../lib/gcc/avr/4.8.1/../../../../avr/lib\libpololu_atmega328p.a(OrangutanAnalog.o)
                0x0000078a                _ZN15OrangutanAnalog7getModeEv
 .text._ZN15OrangutanAnalog16conversionResultEv
                0x00000796       0x1a c:/program files (x86)/atmel/atmel toolchain/avr8 gcc/native/3.4.1061/avr8-gnu-toolchain/bin/../lib/gcc/avr/4.8.1/../../../../avr/lib\libpololu_atmega328p.a(OrangutanAnalog.o)
                0x00000796                _ZN15OrangutanAnalog16conversionResultEv
 .text._ZN15OrangutanAnalog15startConversionEhh
                0x000007b0       0x2e c:/program files (x86)/atmel/atmel toolchain/avr8 gcc/native/3.4.1061/avr8-gnu-toolchain/bin/../lib/gcc/avr/4.8.1/../../../../avr/lib\libpololu_atmega328p.a(OrangutanAnalog.o)
                0x000007b0                _ZN15OrangutanAnalog15startConversionEhh
 .text._ZN15OrangutanAnalog11readAverageEhj
                0x000007de       0x8c c:/program files (x86)/atmel/atmel toolchain/avr8 gcc/native/3.4.1061/avr8-gnu-toolchain/bin/../lib/gcc/avr/4.8.1/../../../../avr/lib\libpololu_atmega328p.a(OrangutanAnalog.o)
                0x000007de                _ZN15OrangutanAnalog11readAverageEhj
 .text._ZN15OrangutanAnalog12toMillivoltsEj
                0x0000086a       0x5c c:/program files (x86)/atmel/atmel toolchain/avr8 gcc/native/3.4.1061/avr8-gnu-toolchain/bin/../lib/gcc/avr/4.8.1/../../../../avr/lib\libpololu_atmega328p.a(OrangutanAnalog.o)
                0x0000086a                _ZN15OrangutanAnalog12toMillivoltsEj
 .text._ZN15OrangutanAnalog21readAverageMillivoltsEhj
                0x000008c6        0xa c:/program files (x86)/atmel/atmel toolchain/avr8 gcc/native/3.4.1061/avr8-gnu-toolchain/bin/../lib/gcc/avr/4.8.1/../../../../avr/lib\libpololu_atmega328p.a(OrangutanAnalog.o)
                0x000008c6                _ZN15OrangutanAnalog21readAverageMillivoltsEhj
 .text._ZN15OrangutanAnalog25readBatteryMillivolts_3piEv
                0x000008d0       0x3a c:/program files (x86)/atmel/atmel toolchain/avr8 gcc/native/3.4.1061/avr8-gnu-toolchain/bin/../lib/gcc/avr/4.8.1/../../../../avr/lib\libpololu_atmega328p.a(OrangutanAnalog.o)
                0x000008d0                _ZN15OrangutanAnalog25readBatteryMillivolts_3piEv
 .text.read_battery_millivolts_3pi
                0x0000090a        0x6 c:/program files (x86)/atmel/atmel toolchain/avr8 gcc/native/3.4.1061/avr8-gnu-toolchain/bin/../lib/gcc/avr/4.8.1/../../../../avr/lib\libpololu_atmega328p.a(OrangutanAnalog.o)
                0x0000090a                read_battery_millivolts_3pi
 .text._ZL16currentCharacterv
                0x00000910       0x3a c:/program files (x86)/atmel/atmel toolchain/avr8 gcc/native/3.4.1061/avr8-gnu-toolchain/bin/../lib/gcc/avr/4.8.1/../../../../avr/lib\libpololu_atmega328p.a(OrangutanBuzzer.o)
 .text._ZL9getNumberv
                0x0000094a       0x50 c:/program files (x86)/atmel/atmel toolchain/avr8 gcc/native/3.4.1061/avr8-gnu-toolchain/bin/../lib/gcc/avr/4.8.1/../../../../avr/lib\libpololu_atmega328p.a(OrangutanBuzzer.o)
 .text._ZN15OrangutanBuzzer5init2Ev
                0x0000099a       0x2e c:/program files (x86)/atmel/atmel toolchain/avr8 gcc/native/3.4.1061/avr8-gnu-toolchain/bin/../lib/gcc/avr/4.8.1/../../../../avr/lib\libpololu_atmega328p.a(OrangutanBuzzer.o)
                0x0000099a                _ZN15OrangutanBuzzer5init2Ev
 .text._ZN15OrangutanBuzzer13playFrequencyEjjh
                0x000009c8      0x178 c:/program files (x86)/atmel/atmel toolchain/avr8 gcc/native/3.4.1061/avr8-gnu-toolchain/bin/../lib/gcc/avr/4.8.1/../../../../avr/lib\libpololu_atmega328p.a(OrangutanBuzzer.o)
                0x000009c8                _ZN15OrangutanBuzzer13playFrequencyEjjh
 .text._ZN15OrangutanBuzzer8playNoteEhjh
                0x00000b40       0xa8 c:/program files (x86)/atmel/atmel toolchain/avr8 gcc/native/3.4.1061/avr8-gnu-toolchain/bin/../lib/gcc/avr/4.8.1/../../../../avr/lib\libpololu_atmega328p.a(OrangutanBuzzer.o)
                0x00000b40                _ZN15OrangutanBuzzer8playNoteEhjh
 .text._ZL8nextNotev
                0x00000be8      0x296 c:/program files (x86)/atmel/atmel toolchain/avr8 gcc/native/3.4.1061/avr8-gnu-toolchain/bin/../lib/gcc/avr/4.8.1/../../../../avr/lib\libpololu_atmega328p.a(OrangutanBuzzer.o)
 .text.__vector_13
                0x00000e7e       0xa2 c:/program files (x86)/atmel/atmel toolchain/avr8 gcc/native/3.4.1061/avr8-gnu-toolchain/bin/../lib/gcc/avr/4.8.1/../../../../avr/lib\libpololu_atmega328p.a(OrangutanBuzzer.o)
                0x00000e7e                __vector_13
 .text._ZN15OrangutanBuzzer9isPlayingEv
                0x00000f20       0x1e c:/program files (x86)/atmel/atmel toolchain/avr8 gcc/native/3.4.1061/avr8-gnu-toolchain/bin/../lib/gcc/avr/4.8.1/../../../../avr/lib\libpololu_atmega328p.a(OrangutanBuzzer.o)
                0x00000f20                _ZN15OrangutanBuzzer9isPlayingEv
 .text.is_playing
                0x00000f3e        0x6 c:/program files (x86)/atmel/atmel toolchain/avr8 gcc/native/3.4.1061/avr8-gnu-toolchain/bin/../lib/gcc/avr/4.8.1/../../../../avr/lib\libpololu_atmega328p.a(OrangutanBuzzer.o)
                0x00000f3e                is_playing
 .text._ZN15OrangutanBuzzer4playEPKc
                0x00000f44       0x1a c:/program files (x86)/atmel/atmel toolchain/avr8 gcc/native/3.4.1061/avr8-gnu-toolchain/bin/../lib/gcc/avr/4.8.1/../../../../avr/lib\libpololu_atmega328p.a(OrangutanBuzzer.o)
                0x00000f44                _ZN15OrangutanBuzzer4playEPKc
 .text.play     0x00000f5e        0x6 c:/program files (x86)/atmel/atmel toolchain/avr8 gcc/native/3.4.1061/avr8-gnu-toolchain/bin/../lib/gcc/avr/4.8.1/../../../../avr/lib\libpololu_atmega328p.a(OrangutanBuzzer.o)
                0x00000f5e                play
 .text.delay_us.constprop.0
                0x00000f64       0x14 c:/program files (x86)/atmel/atmel toolchain/avr8 gcc/native/3.4.1061/avr8-gnu-toolchain/bin/../lib/gcc/avr/4.8.1/../../../../avr/lib\libpololu_atmega328p.a(OrangutanLCD.o)
 .text._ZN12OrangutanLCD8busyWaitEv
                0x00000f78       0x60 c:/program files (x86)/atmel/atmel toolchain/avr8 gcc/native/3.4.1061/avr8-gnu-toolchain/bin/../lib/gcc/avr/4.8.1/../../../../avr/lib\libpololu_atmega328p.a(OrangutanLCD.o)
                0x00000f78                _ZN12OrangutanLCD8busyWaitEv
 .text._ZN12OrangutanLCD8sendDataEh
                0x00000fd8       0x3c c:/program files (x86)/atmel/atmel toolchain/avr8 gcc/native/3.4.1061/avr8-gnu-toolchain/bin/../lib/gcc/avr/4.8.1/../../../../avr/lib\libpololu_atmega328p.a(OrangutanLCD.o)
                0x00000fd8                _ZN12OrangutanLCD8sendDataEh
 .text._ZN12OrangutanLCD4sendEhhh
                0x00001014       0x6e c:/program files (x86)/atmel/atmel toolchain/avr8 gcc/native/3.4.1061/avr8-gnu-toolchain/bin/../lib/gcc/avr/4.8.1/../../../../avr/lib\libpololu_atmega328p.a(OrangutanLCD.o)
                0x00001014                _ZN12OrangutanLCD4sendEhhh
 .text._ZN12OrangutanLCD8send_cmdEh
                0x00001082        0xa c:/program files (x86)/atmel/atmel toolchain/avr8 gcc/native/3.4.1061/avr8-gnu-toolchain/bin/../lib/gcc/avr/4.8.1/../../../../avr/lib\libpololu_atmega328p.a(OrangutanLCD.o)
                0x00001082                _ZN12OrangutanLCD8send_cmdEh
 .text._ZN12OrangutanLCD9send_dataEh
                0x0000108c        0xa c:/program files (x86)/atmel/atmel toolchain/avr8 gcc/native/3.4.1061/avr8-gnu-toolchain/bin/../lib/gcc/avr/4.8.1/../../../../avr/lib\libpololu_atmega328p.a(OrangutanLCD.o)
                0x0000108c                _ZN12OrangutanLCD9send_dataEh
 .text._ZN12OrangutanLCD19loadCustomCharacterEPKch
                0x00001096       0x48 c:/program files (x86)/atmel/atmel toolchain/avr8 gcc/native/3.4.1061/avr8-gnu-toolchain/bin/../lib/gcc/avr/4.8.1/../../../../avr/lib\libpololu_atmega328p.a(OrangutanLCD.o)
                0x00001096                _ZN12OrangutanLCD19loadCustomCharacterEPKch
 .text.lcd_load_custom_character
                0x000010de        0x6 c:/program files (x86)/atmel/atmel toolchain/avr8 gcc/native/3.4.1061/avr8-gnu-toolchain/bin/../lib/gcc/avr/4.8.1/../../../../avr/lib\libpololu_atmega328p.a(OrangutanLCD.o)
                0x000010de                lcd_load_custom_character
 .text.print_character
                0x000010e4        0x6 c:/program files (x86)/atmel/atmel toolchain/avr8 gcc/native/3.4.1061/avr8-gnu-toolchain/bin/../lib/gcc/avr/4.8.1/../../../../avr/lib\libpololu_atmega328p.a(OrangutanLCD.o)
                0x000010e4                print_character
 .text._ZN12OrangutanLCD13send_4bit_cmdEh
                0x000010ea        0xa c:/program files (x86)/atmel/atmel toolchain/avr8 gcc/native/3.4.1061/avr8-gnu-toolchain/bin/../lib/gcc/avr/4.8.1/../../../../avr/lib\libpololu_atmega328p.a(OrangutanLCD.o)
                0x000010ea                _ZN12OrangutanLCD13send_4bit_cmdEh
 .text._ZN12OrangutanLCD5init2Ev
                0x000010f4       0x7e c:/program files (x86)/atmel/atmel toolchain/avr8 gcc/native/3.4.1061/avr8-gnu-toolchain/bin/../lib/gcc/avr/4.8.1/../../../../avr/lib\libpololu_atmega328p.a(OrangutanLCD.o)
                0x000010f4                _ZN12OrangutanLCD5init2Ev
 .text._ZN12OrangutanLCD5clearEv
                0x00001172       0x52 c:/program files (x86)/atmel/atmel toolchain/avr8 gcc/native/3.4.1061/avr8-gnu-toolchain/bin/../lib/gcc/avr/4.8.1/../../../../avr/lib\libpololu_atmega328p.a(OrangutanLCD.o)
                0x00001172                _ZN12OrangutanLCD5clearEv
 .text.clear    0x000011c4        0x6 c:/program files (x86)/atmel/atmel toolchain/avr8 gcc/native/3.4.1061/avr8-gnu-toolchain/bin/../lib/gcc/avr/4.8.1/../../../../avr/lib\libpololu_atmega328p.a(OrangutanLCD.o)
                0x000011c4                clear
 .text._ZN12OrangutanLCD5printEPKc
                0x000011ca       0x18 c:/program files (x86)/atmel/atmel toolchain/avr8 gcc/native/3.4.1061/avr8-gnu-toolchain/bin/../lib/gcc/avr/4.8.1/../../../../avr/lib\libpololu_atmega328p.a(OrangutanLCD.o)
                0x000011ca                _ZN12OrangutanLCD5printEPKc
 .text.print    0x000011e2        0x6 c:/program files (x86)/atmel/atmel toolchain/avr8 gcc/native/3.4.1061/avr8-gnu-toolchain/bin/../lib/gcc/avr/4.8.1/../../../../avr/lib\libpololu_atmega328p.a(OrangutanLCD.o)
                0x000011e2                print
 .text._ZN12OrangutanLCD5printEm
                0x000011e8       0x6c c:/program files (x86)/atmel/atmel toolchain/avr8 gcc/native/3.4.1061/avr8-gnu-toolchain/bin/../lib/gcc/avr/4.8.1/../../../../avr/lib\libpololu_atmega328p.a(OrangutanLCD.o)
                0x000011e8                _ZN12OrangutanLCD5printEm
 .text._ZN12OrangutanLCD5printEl
                0x00001254       0x38 c:/program files (x86)/atmel/atmel toolchain/avr8 gcc/native/3.4.1061/avr8-gnu-toolchain/bin/../lib/gcc/avr/4.8.1/../../../../avr/lib\libpololu_atmega328p.a(OrangutanLCD.o)
                0x00001254                _ZN12OrangutanLCD5printEl
 .text.print_long
                0x0000128c        0x6 c:/program files (x86)/atmel/atmel toolchain/avr8 gcc/native/3.4.1061/avr8-gnu-toolchain/bin/../lib/gcc/avr/4.8.1/../../../../avr/lib\libpololu_atmega328p.a(OrangutanLCD.o)
                0x0000128c                print_long
 .text._ZN12OrangutanLCD6gotoXYEhh
                0x00001292       0x40 c:/program files (x86)/atmel/atmel toolchain/avr8 gcc/native/3.4.1061/avr8-gnu-toolchain/bin/../lib/gcc/avr/4.8.1/../../../../avr/lib\libpololu_atmega328p.a(OrangutanLCD.o)
                0x00001292                _ZN12OrangutanLCD6gotoXYEhh
 .text.lcd_goto_xy
                0x000012d2        0x6 c:/program files (x86)/atmel/atmel toolchain/avr8 gcc/native/3.4.1061/avr8-gnu-toolchain/bin/../lib/gcc/avr/4.8.1/../../../../avr/lib\libpololu_atmega328p.a(OrangutanLCD.o)
                0x000012d2                lcd_goto_xy
 .text._ZN16OrangutanDigital9setOutputEhh
                0x000012d8       0x82 c:/program files (x86)/atmel/atmel toolchain/avr8 gcc/native/3.4.1061/avr8-gnu-toolchain/bin/../lib/gcc/avr/4.8.1/../../../../avr/lib\libpololu_atmega328p.a(OrangutanMotors.o)
                0x000012d8                _ZN16OrangutanDigital9setOutputEhh
 .text._ZN15OrangutanMotors5init2Ev
                0x0000135a       0x3e c:/program files (x86)/atmel/atmel toolchain/avr8 gcc/native/3.4.1061/avr8-gnu-toolchain/bin/../lib/gcc/avr/4.8.1/../../../../avr/lib\libpololu_atmega328p.a(OrangutanMotors.o)
                0x0000135a                _ZN15OrangutanMotors5init2Ev
 .text._ZN15OrangutanMotors4initEv
                0x00001398       0x14 c:/program files (x86)/atmel/atmel toolchain/avr8 gcc/native/3.4.1061/avr8-gnu-toolchain/bin/../lib/gcc/avr/4.8.1/../../../../avr/lib\libpololu_atmega328p.a(OrangutanMotors.o)
                0x00001398                _ZN15OrangutanMotors4initEv
 .text._ZN15OrangutanMotors10setM1SpeedEi
                0x000013ac       0x3a c:/program files (x86)/atmel/atmel toolchain/avr8 gcc/native/3.4.1061/avr8-gnu-toolchain/bin/../lib/gcc/avr/4.8.1/../../../../avr/lib\libpololu_atmega328p.a(OrangutanMotors.o)
                0x000013ac                _ZN15OrangutanMotors10setM1SpeedEi
 .text._ZN15OrangutanMotors10setM2SpeedEi
                0x000013e6       0x42 c:/program files (x86)/atmel/atmel toolchain/avr8 gcc/native/3.4.1061/avr8-gnu-toolchain/bin/../lib/gcc/avr/4.8.1/../../../../avr/lib\libpololu_atmega328p.a(OrangutanMotors.o)
                0x000013e6                _ZN15OrangutanMotors10setM2SpeedEi
 .text._ZN15OrangutanMotors9setSpeedsEii
                0x00001428       0x16 c:/program files (x86)/atmel/atmel toolchain/avr8 gcc/native/3.4.1061/avr8-gnu-toolchain/bin/../lib/gcc/avr/4.8.1/../../../../avr/lib\libpololu_atmega328p.a(OrangutanMotors.o)
                0x00001428                _ZN15OrangutanMotors9setSpeedsEii
 .text.set_motors
                0x0000143e        0x6 c:/program files (x86)/atmel/atmel toolchain/avr8 gcc/native/3.4.1061/avr8-gnu-toolchain/bin/../lib/gcc/avr/4.8.1/../../../../avr/lib\libpololu_atmega328p.a(OrangutanMotors.o)
                0x0000143e                set_motors
 .text._ZN20OrangutanPushbuttons5init2Ev
                0x00001444       0x20 c:/program files (x86)/atmel/atmel toolchain/avr8 gcc/native/3.4.1061/avr8-gnu-toolchain/bin/../lib/gcc/avr/4.8.1/../../../../avr/lib\libpololu_atmega328p.a(OrangutanPushbuttons.o)
                0x00001444                _ZN20OrangutanPushbuttons5init2Ev
 .text._ZN20OrangutanPushbuttons4initEv
                0x00001464       0x14 c:/program files (x86)/atmel/atmel toolchain/avr8 gcc/native/3.4.1061/avr8-gnu-toolchain/bin/../lib/gcc/avr/4.8.1/../../../../avr/lib\libpololu_atmega328p.a(OrangutanPushbuttons.o)
                0x00001464                _ZN20OrangutanPushbuttons4initEv
 .text._ZN20OrangutanPushbuttons14waitForReleaseEh
                0x00001478       0x24 c:/program files (x86)/atmel/atmel toolchain/avr8 gcc/native/3.4.1061/avr8-gnu-toolchain/bin/../lib/gcc/avr/4.8.1/../../../../avr/lib\libpololu_atmega328p.a(OrangutanPushbuttons.o)
                0x00001478                _ZN20OrangutanPushbuttons14waitForReleaseEh
 .text.wait_for_button_release
                0x0000149c        0x6 c:/program files (x86)/atmel/atmel toolchain/avr8 gcc/native/3.4.1061/avr8-gnu-toolchain/bin/../lib/gcc/avr/4.8.1/../../../../avr/lib\libpololu_atmega328p.a(OrangutanPushbuttons.o)
                0x0000149c                wait_for_button_release
 .text._ZN20OrangutanPushbuttons9isPressedEh
                0x000014a2       0x22 c:/program files (x86)/atmel/atmel toolchain/avr8 gcc/native/3.4.1061/avr8-gnu-toolchain/bin/../lib/gcc/avr/4.8.1/../../../../avr/lib\libpololu_atmega328p.a(OrangutanPushbuttons.o)
                0x000014a2                _ZN20OrangutanPushbuttons9isPressedEh
 .text.button_is_pressed
                0x000014c4        0x6 c:/program files (x86)/atmel/atmel toolchain/avr8 gcc/native/3.4.1061/avr8-gnu-toolchain/bin/../lib/gcc/avr/4.8.1/../../../../avr/lib\libpololu_atmega328p.a(OrangutanPushbuttons.o)
                0x000014c4                button_is_pressed
 .text.__vector_9
                0x000014ca       0x74 c:/program files (x86)/atmel/atmel toolchain/avr8 gcc/native/3.4.1061/avr8-gnu-toolchain/bin/../lib/gcc/avr/4.8.1/../../../../avr/lib\libpololu_atmega328p.a(OrangutanTime.o)
                0x000014ca                __vector_9
 .text._ZN13OrangutanTime17delayMillisecondsEj
                0x0000153e       0x1c c:/program files (x86)/atmel/atmel toolchain/avr8 gcc/native/3.4.1061/avr8-gnu-toolchain/bin/../lib/gcc/avr/4.8.1/../../../../avr/lib\libpololu_atmega328p.a(OrangutanTime.o)
                0x0000153e                _ZN13OrangutanTime17delayMillisecondsEj
 .text.delay_ms
                0x0000155a        0x6 c:/program files (x86)/atmel/atmel toolchain/avr8 gcc/native/3.4.1061/avr8-gnu-toolchain/bin/../lib/gcc/avr/4.8.1/../../../../avr/lib\libpololu_atmega328p.a(OrangutanTime.o)
                0x0000155a                delay_ms
 .text._ZN13OrangutanTime5init2Ev
                0x00001560       0x30 c:/program files (x86)/atmel/atmel toolchain/avr8 gcc/native/3.4.1061/avr8-gnu-toolchain/bin/../lib/gcc/avr/4.8.1/../../../../avr/lib\libpololu_atmega328p.a(OrangutanTime.o)
                0x00001560                _ZN13OrangutanTime5init2Ev
 .text._ZN13OrangutanTime4initEv
                0x00001590       0x14 c:/program files (x86)/atmel/atmel toolchain/avr8 gcc/native/3.4.1061/avr8-gnu-toolchain/bin/../lib/gcc/avr/4.8.1/../../../../avr/lib\libpololu_atmega328p.a(OrangutanTime.o)
                0x00001590                _ZN13OrangutanTime4initEv
 .text._ZN13OrangutanTime5resetEv
                0x000015a4       0x2e c:/program files (x86)/atmel/atmel toolchain/avr8 gcc/native/3.4.1061/avr8-gnu-toolchain/bin/../lib/gcc/avr/4.8.1/../../../../avr/lib\libpololu_atmega328p.a(OrangutanTime.o)
                0x000015a4                _ZN13OrangutanTime5resetEv
 .text.calibrate_line_sensors
                0x000015d2        0xc c:/program files (x86)/atmel/atmel toolchain/avr8 gcc/native/3.4.1061/avr8-gnu-toolchain/bin/../lib/gcc/avr/4.8.1/../../../../avr/lib\libpololu_atmega328p.a(Pololu3pi.o)
                0x000015d2                calibrate_line_sensors
 .text.read_line
                0x000015de       0x10 c:/program files (x86)/atmel/atmel toolchain/avr8 gcc/native/3.4.1061/avr8-gnu-toolchain/bin/../lib/gcc/avr/4.8.1/../../../../avr/lib\libpololu_atmega328p.a(Pololu3pi.o)
                0x000015de                read_line
 .text.read_line_white
                0x000015ee       0x10 c:/program files (x86)/atmel/atmel toolchain/avr8 gcc/native/3.4.1061/avr8-gnu-toolchain/bin/../lib/gcc/avr/4.8.1/../../../../avr/lib\libpololu_atmega328p.a(Pololu3pi.o)
                0x000015ee                read_line_white
 .text._ZN9Pololu3pi4initEjh
                0x000015fe       0x5c c:/program files (x86)/atmel/atmel toolchain/avr8 gcc/native/3.4.1061/avr8-gnu-toolchain/bin/../lib/gcc/avr/4.8.1/../../../../avr/lib\libpololu_atmega328p.a(Pololu3pi.o)
                0x000015fe                _ZN9Pololu3pi4initEjh
 .text.pololu_3pi_init
                0x0000165a        0x8 c:/program files (x86)/atmel/atmel toolchain/avr8 gcc/native/3.4.1061/avr8-gnu-toolchain/bin/../lib/gcc/avr/4.8.1/../../../../avr/lib\libpololu_atmega328p.a(Pololu3pi.o)
                0x0000165a                pololu_3pi_init
 .text.exit._GLOBAL__sub_D_pololu_3pi_init
                0x00001662        0xa c:/program files (x86)/atmel/atmel toolchain/avr8 gcc/native/3.4.1061/avr8-gnu-toolchain/bin/../lib/gcc/avr/4.8.1/../../../../avr/lib\libpololu_atmega328p.a(Pololu3pi.o)
 .text.delay_us
                0x0000166c       0x10 c:/program files (x86)/atmel/atmel toolchain/avr8 gcc/native/3.4.1061/avr8-gnu-toolchain/bin/../lib/gcc/avr/4.8.1/../../../../avr/lib\libpololu_atmega328p.a(PololuQTRSensors.o)
 .text._ZN16OrangutanDigital14getIORegistersEP8IOStructh
                0x0000167c       0x7a c:/program files (x86)/atmel/atmel toolchain/avr8 gcc/native/3.4.1061/avr8-gnu-toolchain/bin/../lib/gcc/avr/4.8.1/../../../../avr/lib\libpololu_atmega328p.a(PololuQTRSensors.o)
                0x0000167c                _ZN16OrangutanDigital14getIORegistersEP8IOStructh
 .text._ZN16PololuQTRSensors4initEhhh
                0x000016f6       0x5a c:/program files (x86)/atmel/atmel toolchain/avr8 gcc/native/3.4.1061/avr8-gnu-toolchain/bin/../lib/gcc/avr/4.8.1/../../../../avr/lib\libpololu_atmega328p.a(PololuQTRSensors.o)
                0x000016f6                _ZN16PololuQTRSensors4initEhhh
 .text._ZN16PololuQTRSensors11emittersOffEv
                0x00001750       0x2a c:/program files (x86)/atmel/atmel toolchain/avr8 gcc/native/3.4.1061/avr8-gnu-toolchain/bin/../lib/gcc/avr/4.8.1/../../../../avr/lib\libpololu_atmega328p.a(PololuQTRSensors.o)
                0x00001750                _ZN16PololuQTRSensors11emittersOffEv
 .text._ZN16PololuQTRSensors10emittersOnEv
                0x0000177a       0x28 c:/program files (x86)/atmel/atmel toolchain/avr8 gcc/native/3.4.1061/avr8-gnu-toolchain/bin/../lib/gcc/avr/4.8.1/../../../../avr/lib\libpololu_atmega328p.a(PololuQTRSensors.o)
                0x0000177a                _ZN16PololuQTRSensors10emittersOnEv
 .text._ZN18PololuQTRSensorsRC4initEPhhjh
                0x000017a2       0xaa c:/program files (x86)/atmel/atmel toolchain/avr8 gcc/native/3.4.1061/avr8-gnu-toolchain/bin/../lib/gcc/avr/4.8.1/../../../../avr/lib\libpololu_atmega328p.a(PololuQTRSensors.o)
                0x000017a2                _ZN18PololuQTRSensorsRC4initEPhhjh
 .text._ZN18PololuQTRSensorsRC11readPrivateEPj
                0x0000184c      0x1b0 c:/program files (x86)/atmel/atmel toolchain/avr8 gcc/native/3.4.1061/avr8-gnu-toolchain/bin/../lib/gcc/avr/4.8.1/../../../../avr/lib\libpololu_atmega328p.a(PololuQTRSensors.o)
                0x0000184c                _ZN18PololuQTRSensorsRC11readPrivateEPj
 .text._ZN22PololuQTRSensorsAnalog11readPrivateEPj
                0x000019fc       0xfa c:/program files (x86)/atmel/atmel toolchain/avr8 gcc/native/3.4.1061/avr8-gnu-toolchain/bin/../lib/gcc/avr/4.8.1/../../../../avr/lib\libpololu_atmega328p.a(PololuQTRSensors.o)
                0x000019fc                _ZN22PololuQTRSensorsAnalog11readPrivateEPj
 .text._ZN16PololuQTRSensors4readEPjh
                0x00001af6       0xba c:/program files (x86)/atmel/atmel toolchain/avr8 gcc/native/3.4.1061/avr8-gnu-toolchain/bin/../lib/gcc/avr/4.8.1/../../../../avr/lib\libpololu_atmega328p.a(PololuQTRSensors.o)
                0x00001af6                _ZN16PololuQTRSensors4readEPjh
 .text._ZN16PololuQTRSensors16calibrateOnOrOffEPPjS1_h
                0x00001bb0      0x202 c:/program files (x86)/atmel/atmel toolchain/avr8 gcc/native/3.4.1061/avr8-gnu-toolchain/bin/../lib/gcc/avr/4.8.1/../../../../avr/lib\libpololu_atmega328p.a(PololuQTRSensors.o)
                0x00001bb0                _ZN16PololuQTRSensors16calibrateOnOrOffEPPjS1_h
 .text._ZN16PololuQTRSensors9calibrateEh
                0x00001db2       0x48 c:/program files (x86)/atmel/atmel toolchain/avr8 gcc/native/3.4.1061/avr8-gnu-toolchain/bin/../lib/gcc/avr/4.8.1/../../../../avr/lib\libpololu_atmega328p.a(PololuQTRSensors.o)
                0x00001db2                _ZN16PololuQTRSensors9calibrateEh
 .text._ZN16PololuQTRSensors14readCalibratedEPjh
                0x00001dfa      0x15a c:/program files (x86)/atmel/atmel toolchain/avr8 gcc/native/3.4.1061/avr8-gnu-toolchain/bin/../lib/gcc/avr/4.8.1/../../../../avr/lib\libpololu_atmega328p.a(PololuQTRSensors.o)
                0x00001dfa                _ZN16PololuQTRSensors14readCalibratedEPjh
 .text._ZN16PololuQTRSensors8readLineEPjhh
                0x00001f54       0xea c:/program files (x86)/atmel/atmel toolchain/avr8 gcc/native/3.4.1061/avr8-gnu-toolchain/bin/../lib/gcc/avr/4.8.1/../../../../avr/lib\libpololu_atmega328p.a(PololuQTRSensors.o)
                0x00001f54                _ZN16PololuQTRSensors8readLineEPjhh
 .text._ZN16PololuQTRSensorsD2Ev
                0x0000203e       0x3c c:/program files (x86)/atmel/atmel toolchain/avr8 gcc/native/3.4.1061/avr8-gnu-toolchain/bin/../lib/gcc/avr/4.8.1/../../../../avr/lib\libpololu_atmega328p.a(PololuQTRSensors.o)
                0x0000203e                _ZN16PololuQTRSensorsD1Ev
                0x0000203e                _ZN16PololuQTRSensorsD2Ev
 .text.libgcc.div
                0x0000207a       0x18 c:/program files (x86)/atmel/atmel toolchain/avr8 gcc/native/3.4.1061/avr8-gnu-toolchain/bin/../lib/gcc/avr/4.8.1/avr5\libgcc.a(_udivmodqi4.o)
                0x0000207a                __udivmodqi4
 .text.libgcc.div
                0x00002092       0x28 c:/program files (x86)/atmel/atmel toolchain/avr8 gcc/native/3.4.1061/avr8-gnu-toolchain/bin/../lib/gcc/avr/4.8.1/avr5\libgcc.a(_udivmodhi4.o)
                0x00002092                __udivmodhi4
 .text.libgcc.div
                0x000020ba       0x44 c:/program files (x86)/atmel/atmel toolchain/avr8 gcc/native/3.4.1061/avr8-gnu-toolchain/bin/../lib/gcc/avr/4.8.1/avr5\libgcc.a(_udivmodsi4.o)
                0x000020ba                __udivmodsi4
 .text.libgcc.div
                0x000020fe       0x2e c:/program files (x86)/atmel/atmel toolchain/avr8 gcc/native/3.4.1061/avr8-gnu-toolchain/bin/../lib/gcc/avr/4.8.1/avr5\libgcc.a(_divmodsi4.o)
                0x000020fe                __divmodsi4
 .text.libgcc.div
                0x0000212c       0x10 c:/program files (x86)/atmel/atmel toolchain/avr8 gcc/native/3.4.1061/avr8-gnu-toolchain/bin/../lib/gcc/avr/4.8.1/avr5\libgcc.a(_negsi2.o)
                0x0000212c                __negsi2
 .text.libgcc.mul
                0x0000213c       0x1e c:/program files (x86)/atmel/atmel toolchain/avr8 gcc/native/3.4.1061/avr8-gnu-toolchain/bin/../lib/gcc/avr/4.8.1/avr5\libgcc.a(_umulhisi3.o)
                0x0000213c                __umulhisi3
 .text.libgcc.mul
                0x0000215a       0x16 c:/program files (x86)/atmel/atmel toolchain/avr8 gcc/native/3.4.1061/avr8-gnu-toolchain/bin/../lib/gcc/avr/4.8.1/avr5\libgcc.a(_muluhisi3.o)
                0x0000215a                __muluhisi3
 .text.libgcc.mul
                0x00002170       0x10 c:/program files (x86)/atmel/atmel toolchain/avr8 gcc/native/3.4.1061/avr8-gnu-toolchain/bin/../lib/gcc/avr/4.8.1/avr5\libgcc.a(_mulshisi3.o)
                0x00002170                __mulshisi3
                0x00002176                __mulohisi3
 .text.libgcc.prologue
                0x00002180       0x38 c:/program files (x86)/atmel/atmel toolchain/avr8 gcc/native/3.4.1061/avr8-gnu-toolchain/bin/../lib/gcc/avr/4.8.1/avr5\libgcc.a(_prologue.o)
                0x00002180                __prologue_saves__
 .text.libgcc.prologue
                0x000021b8       0x36 c:/program files (x86)/atmel/atmel toolchain/avr8 gcc/native/3.4.1061/avr8-gnu-toolchain/bin/../lib/gcc/avr/4.8.1/avr5\libgcc.a(_epilogue.o)
                0x000021b8                __epilogue_restores__
 .text.libgcc   0x000021ee        0xc c:/program files (x86)/atmel/atmel toolchain/avr8 gcc/native/3.4.1061/avr8-gnu-toolchain/bin/../lib/gcc/avr/4.8.1/avr5\libgcc.a(_tablejump.o)
                0x000021ee                __tablejump2__
                0x000021f2                __tablejump__
 .text.avr-libc
                0x000021fa      0x24e c:/program files (x86)/atmel/atmel toolchain/avr8 gcc/native/3.4.1061/avr8-gnu-toolchain/bin/../lib/gcc/avr/4.8.1/../../../../avr/lib/avr5\libc.a(malloc.o)
                0x000021fa                malloc
                0x0000232a                free
                0x00002448                . = ALIGN (0x2)
 *(.fini9)
 .fini9         0x00002448        0x0 c:/program files (x86)/atmel/atmel toolchain/avr8 gcc/native/3.4.1061/avr8-gnu-toolchain/bin/../lib/gcc/avr/4.8.1/avr5\libgcc.a(_exit.o)
                0x00002448                _exit
                0x00002448                exit
 *(.fini9)
 *(.fini8)
 *(.fini8)
 *(.fini7)
 *(.fini7)
 *(.fini6)
 .fini6         0x00002448       0x16 c:/program files (x86)/atmel/atmel toolchain/avr8 gcc/native/3.4.1061/avr8-gnu-toolchain/bin/../lib/gcc/avr/4.8.1/avr5\libgcc.a(_dtors.o)
                0x00002448                __do_global_dtors
 *(.fini6)
 *(.fini5)
 *(.fini5)
 *(.fini4)
 *(.fini4)
 *(.fini3)
 *(.fini3)
 *(.fini2)
 *(.fini2)
 *(.fini1)
 *(.fini1)
 *(.fini0)
 .fini0         0x0000245e        0x4 c:/program files (x86)/atmel/atmel toolchain/avr8 gcc/native/3.4.1061/avr8-gnu-toolchain/bin/../lib/gcc/avr/4.8.1/avr5\libgcc.a(_exit.o)
 *(.fini0)
                0x00002462                _etext = .

.data           0x00800100       0x66 load address 0x00002462
                0x00800100                PROVIDE (__data_start, .)
 *(.data)
 .data          0x00800100        0x2 c:/program files (x86)/atmel/atmel toolchain/avr8 gcc/native/3.4.1061/avr8-gnu-toolchain/bin/../lib/gcc/avr/4.8.1/../../../../avr/lib\libpololu_atmega328p.a(OrangutanAnalog.o)
 .data          0x00800102        0xa c:/program files (x86)/atmel/atmel toolchain/avr8 gcc/native/3.4.1061/avr8-gnu-toolchain/bin/../lib/gcc/avr/4.8.1/../../../../avr/lib\libpololu_atmega328p.a(OrangutanBuzzer.o)
                0x0080010b                buzzerFinished
 .data          0x0080010c        0x2 c:/program files (x86)/atmel/atmel toolchain/avr8 gcc/native/3.4.1061/avr8-gnu-toolchain/bin/../lib/gcc/avr/4.8.1/../../../../avr/lib\libpololu_atmega328p.a(OrangutanLCD.o)
                0x0080010c                numLCDCols
                0x0080010d                numLCDRows
 .data          0x0080010e        0x6 c:/program files (x86)/atmel/atmel toolchain/avr8 gcc/native/3.4.1061/avr8-gnu-toolchain/bin/../lib/gcc/avr/4.8.1/../../../../avr/lib/avr5\libc.a(malloc.o)
                0x0080010e                __malloc_heap_end
                0x00800110                __malloc_heap_start
                0x00800112                __malloc_margin
 *(.data*)
 *(.rodata)
 .rodata        0x00800114        0xa main.o
 .rodata        0x0080011e       0x18 c:/program files (x86)/atmel/atmel toolchain/avr8 gcc/native/3.4.1061/avr8-gnu-toolchain/bin/../lib/gcc/avr/4.8.1/../../../../avr/lib\libpololu_atmega328p.a(OrangutanBuzzer.o)
 .rodata        0x00800136        0x5 c:/program files (x86)/atmel/atmel toolchain/avr8 gcc/native/3.4.1061/avr8-gnu-toolchain/bin/../lib/gcc/avr/4.8.1/../../../../avr/lib\libpololu_atmega328p.a(Pololu3pi.o)
 *(.rodata*)
 .rodata.str1.1
                0x0080013b       0x2a main.o
 *(.gnu.linkonce.d*)
                0x00800166                . = ALIGN (0x2)
 *fill*         0x00800165        0x1 
                0x00800166                _edata = .
                0x00800166                PROVIDE (__data_end, .)

.bss            0x00800166       0x7e
                0x00800166                PROVIDE (__bss_start, .)
 *(.bss)
 .bss           0x00800166        0x9 c:/program files (x86)/atmel/atmel toolchain/avr8 gcc/native/3.4.1061/avr8-gnu-toolchain/bin/../lib/gcc/avr/4.8.1/../../../../avr/lib\libpololu_atmega328p.a(OrangutanBuzzer.o)
                0x00800166                buzzerSequence
                0x00800168                buzzerInitialized
 .bss           0x0080016f        0x8 c:/program files (x86)/atmel/atmel toolchain/avr8 gcc/native/3.4.1061/avr8-gnu-toolchain/bin/../lib/gcc/avr/4.8.1/../../../../avr/lib\libpololu_atmega328p.a(OrangutanLCD.o)
                0x0080016f                lcdTimeout
                0x00800173                col
                0x00800174                row
                0x00800175                printf_chars
 .bss           0x00800177        0xa c:/program files (x86)/atmel/atmel toolchain/avr8 gcc/native/3.4.1061/avr8-gnu-toolchain/bin/../lib/gcc/avr/4.8.1/../../../../avr/lib\libpololu_atmega328p.a(OrangutanTime.o)
                0x00800177                us_over_10
                0x00800179                msCounter
                0x0080017d                tickCount
 .bss           0x00800181       0x44 c:/program files (x86)/atmel/atmel toolchain/avr8 gcc/native/3.4.1061/avr8-gnu-toolchain/bin/../lib/gcc/avr/4.8.1/../../../../avr/lib\libpololu_atmega328p.a(Pololu3pi.o)
 .bss           0x008001c5        0x4 c:/program files (x86)/atmel/atmel toolchain/avr8 gcc/native/3.4.1061/avr8-gnu-toolchain/bin/../lib/gcc/avr/4.8.1/../../../../avr/lib\libpololu_atmega328p.a(PololuQTRSensors.o)
 *(.bss*)
 .bss.integral  0x008001c9        0x4 main.o
                0x008001c9                integral
 .bss.last_proportional
                0x008001cd        0x2 main.o
                0x008001cd                last_proportional
 .bss._ZZN12OrangutanLCD4initEvE11initialized
                0x008001cf        0x1 c:/program files (x86)/atmel/atmel toolchain/avr8 gcc/native/3.4.1061/avr8-gnu-toolchain/bin/../lib/gcc/avr/4.8.1/../../../../avr/lib\libpololu_atmega328p.a(OrangutanLCD.o)
                0x008001cf                _ZZN12OrangutanLCD4initEvE11initialized
 .bss._ZZN15OrangutanMotors4initEvE11initialized
                0x008001d0        0x1 c:/program files (x86)/atmel/atmel toolchain/avr8 gcc/native/3.4.1061/avr8-gnu-toolchain/bin/../lib/gcc/avr/4.8.1/../../../../avr/lib\libpololu_atmega328p.a(OrangutanMotors.o)
                0x008001d0                _ZZN15OrangutanMotors4initEvE11initialized
 .bss._ZZN20OrangutanPushbuttons4initEvE11initialized
                0x008001d1        0x1 c:/program files (x86)/atmel/atmel toolchain/avr8 gcc/native/3.4.1061/avr8-gnu-toolchain/bin/../lib/gcc/avr/4.8.1/../../../../avr/lib\libpololu_atmega328p.a(OrangutanPushbuttons.o)
                0x008001d1                _ZZN20OrangutanPushbuttons4initEvE11initialized
 .bss._ZZN13OrangutanTime4initEvE11initialized
                0x008001d2        0x1 c:/program files (x86)/atmel/atmel toolchain/avr8 gcc/native/3.4.1061/avr8-gnu-toolchain/bin/../lib/gcc/avr/4.8.1/../../../../avr/lib\libpololu_atmega328p.a(OrangutanTime.o)
                0x008001d2                _ZZN13OrangutanTime4initEvE11initialized
 *(COMMON)
 COMMON         0x008001d3        0xd main.o
                0x008001d3                cepat_h
                0x008001d4                cepat_p
                0x008001d5                speed
                0x008001d6                sensors
 COMMON         0x008001e0        0x4 c:/program files (x86)/atmel/atmel toolchain/avr8 gcc/native/3.4.1061/avr8-gnu-toolchain/bin/../lib/gcc/avr/4.8.1/../../../../avr/lib/avr5\libc.a(malloc.o)
                0x008001e0                __brkval
                0x008001e2                __flp
                0x008001e4                PROVIDE (__bss_end, .)
                0x00002462                __data_load_start = LOADADDR (.data)
                0x000024c8                __data_load_end = (__data_load_start + SIZEOF (.data))

.noinit         0x008001e4        0x0
                0x008001e4                PROVIDE (__noinit_start, .)
 *(.noinit*)
                0x008001e4                PROVIDE (__noinit_end, .)
                0x008001e4                _end = .
                0x008001e4                PROVIDE (__heap_start, .)

.eeprom         0x00810000        0x0
 *(.eeprom*)
                0x00810000                __eeprom_end = .

.fuse
 *(.fuse)
 *(.lfuse)
 *(.hfuse)
 *(.efuse)

.lock
 *(.lock*)

.signature
 *(.signature*)

.user_signatures
 *(.user_signatures*)

.stab           0x00000000     0x6d74
 *(.stab)
 .stab          0x00000000      0xb64 c:/program files (x86)/atmel/atmel toolchain/avr8 gcc/native/3.4.1061/avr8-gnu-toolchain/bin/../lib/gcc/avr/4.8.1/../../../../avr/lib\libpololu_atmega328p.a(OrangutanAnalog.o)
                               0x14e8 (size before relaxing)
 .stab          0x00000b64     0x1224 c:/program files (x86)/atmel/atmel toolchain/avr8 gcc/native/3.4.1061/avr8-gnu-toolchain/bin/../lib/gcc/avr/4.8.1/../../../../avr/lib\libpololu_atmega328p.a(OrangutanBuzzer.o)
                               0x15fc (size before relaxing)
 .stab          0x00001d88     0x13ec c:/program files (x86)/atmel/atmel toolchain/avr8 gcc/native/3.4.1061/avr8-gnu-toolchain/bin/../lib/gcc/avr/4.8.1/../../../../avr/lib\libpololu_atmega328p.a(OrangutanLCD.o)
                               0x2010 (size before relaxing)
 .stab          0x00003174      0xa08 c:/program files (x86)/atmel/atmel toolchain/avr8 gcc/native/3.4.1061/avr8-gnu-toolchain/bin/../lib/gcc/avr/4.8.1/../../../../avr/lib\libpololu_atmega328p.a(OrangutanMotors.o)
                                0xaec (size before relaxing)
 .stab          0x00003b7c      0x7e0 c:/program files (x86)/atmel/atmel toolchain/avr8 gcc/native/3.4.1061/avr8-gnu-toolchain/bin/../lib/gcc/avr/4.8.1/../../../../avr/lib\libpololu_atmega328p.a(OrangutanPushbuttons.o)
                                0xe40 (size before relaxing)
 .stab          0x0000435c      0x7ec c:/program files (x86)/atmel/atmel toolchain/avr8 gcc/native/3.4.1061/avr8-gnu-toolchain/bin/../lib/gcc/avr/4.8.1/../../../../avr/lib\libpololu_atmega328p.a(OrangutanTime.o)
                                0xaa4 (size before relaxing)
 .stab          0x00004b48      0x87c c:/program files (x86)/atmel/atmel toolchain/avr8 gcc/native/3.4.1061/avr8-gnu-toolchain/bin/../lib/gcc/avr/4.8.1/../../../../avr/lib\libpololu_atmega328p.a(Pololu3pi.o)
                                0xec4 (size before relaxing)
 .stab          0x000053c4     0x19b0 c:/program files (x86)/atmel/atmel toolchain/avr8 gcc/native/3.4.1061/avr8-gnu-toolchain/bin/../lib/gcc/avr/4.8.1/../../../../avr/lib\libpololu_atmega328p.a(PololuQTRSensors.o)
                               0x21a8 (size before relaxing)

.stabstr        0x00000000     0x8ce2
 *(.stabstr)
 .stabstr       0x00000000     0x8ce2 c:/program files (x86)/atmel/atmel toolchain/avr8 gcc/native/3.4.1061/avr8-gnu-toolchain/bin/../lib/gcc/avr/4.8.1/../../../../avr/lib\libpololu_atmega328p.a(OrangutanAnalog.o)

.stab.excl
 *(.stab.excl)

.stab.exclstr
 *(.stab.exclstr)

.stab.index
 *(.stab.index)

.stab.indexstr
 *(.stab.indexstr)

.comment        0x00000000       0x41
 *(.comment)
 .comment       0x00000000       0x30 main.o
                                 0x31 (size before relaxing)
 .comment       0x00000030       0x11 c:/program files (x86)/atmel/atmel toolchain/avr8 gcc/native/3.4.1061/avr8-gnu-toolchain/bin/../lib/gcc/avr/4.8.1/../../../../avr/lib\libpololu_atmega328p.a(OrangutanAnalog.o)
                                 0x12 (size before relaxing)
 .comment       0x00000000       0x12 c:/program files (x86)/atmel/atmel toolchain/avr8 gcc/native/3.4.1061/avr8-gnu-toolchain/bin/../lib/gcc/avr/4.8.1/../../../../avr/lib\libpololu_atmega328p.a(OrangutanBuzzer.o)
 .comment       0x00000000       0x12 c:/program files (x86)/atmel/atmel toolchain/avr8 gcc/native/3.4.1061/avr8-gnu-toolchain/bin/../lib/gcc/avr/4.8.1/../../../../avr/lib\libpololu_atmega328p.a(OrangutanLCD.o)
 .comment       0x00000000       0x12 c:/program files (x86)/atmel/atmel toolchain/avr8 gcc/native/3.4.1061/avr8-gnu-toolchain/bin/../lib/gcc/avr/4.8.1/../../../../avr/lib\libpololu_atmega328p.a(OrangutanMotors.o)
 .comment       0x00000000       0x12 c:/program files (x86)/atmel/atmel toolchain/avr8 gcc/native/3.4.1061/avr8-gnu-toolchain/bin/../lib/gcc/avr/4.8.1/../../../../avr/lib\libpololu_atmega328p.a(OrangutanPushbuttons.o)
 .comment       0x00000000       0x12 c:/program files (x86)/atmel/atmel toolchain/avr8 gcc/native/3.4.1061/avr8-gnu-toolchain/bin/../lib/gcc/avr/4.8.1/../../../../avr/lib\libpololu_atmega328p.a(OrangutanTime.o)
 .comment       0x00000000       0x12 c:/program files (x86)/atmel/atmel toolchain/avr8 gcc/native/3.4.1061/avr8-gnu-toolchain/bin/../lib/gcc/avr/4.8.1/../../../../avr/lib\libpololu_atmega328p.a(Pololu3pi.o)
 .comment       0x00000000       0x12 c:/program files (x86)/atmel/atmel toolchain/avr8 gcc/native/3.4.1061/avr8-gnu-toolchain/bin/../lib/gcc/avr/4.8.1/../../../../avr/lib\libpololu_atmega328p.a(PololuQTRSensors.o)
 .comment       0x00000000       0x31 c:/program files (x86)/atmel/atmel toolchain/avr8 gcc/native/3.4.1061/avr8-gnu-toolchain/bin/../lib/gcc/avr/4.8.1/../../../../avr/lib/avr5\libc.a(malloc.o)

.note.gnu.build-id
 *(.note.gnu.build-id)

.debug
 *(.debug)

.line
 *(.line)

.debug_srcinfo
 *(.debug_srcinfo)

.debug_sfnames
 *(.debug_sfnames)

.debug_aranges  0x00000000      0x180
 *(.debug_aranges)
 .debug_aranges
                0x00000000      0x180 main.o

.debug_pubnames
 *(.debug_pubnames)

.debug_info     0x00000000     0x2360
 *(.debug_info .gnu.linkonce.wi.*)
 .debug_info    0x00000000     0x2360 main.o

.debug_abbrev   0x00000000      0x3dd
 *(.debug_abbrev)
 .debug_abbrev  0x00000000      0x3dd main.o

.debug_line     0x00000000      0xbe0
 *(.debug_line .debug_line.* .debug_line_end)
 .debug_line    0x00000000      0xbe0 main.o

.debug_frame    0x00000000      0x4f0
 *(.debug_frame)
 .debug_frame   0x00000000      0x4f0 main.o

.debug_str      0x00000000      0x451
 *(.debug_str)
 .debug_str     0x00000000      0x451 main.o
                                0x4a9 (size before relaxing)

.debug_loc      0x00000000      0xb8d
 *(.debug_loc)
 .debug_loc     0x00000000      0xb8d main.o

.debug_macinfo
 *(.debug_macinfo)

.debug_weaknames
 *(.debug_weaknames)

.debug_funcnames
 *(.debug_funcnames)

.debug_typenames
 *(.debug_typenames)

.debug_varnames
 *(.debug_varnames)

.debug_pubtypes
 *(.debug_pubtypes)

.debug_ranges   0x00000000      0x170
 *(.debug_ranges)
 .debug_ranges  0x00000000      0x170 main.o

.debug_macro
 *(.debug_macro)
OUTPUT(Program_v1.elf elf32-avr)
LOAD linker stubs
